// Jest Snapshot v1, https://goo.gl/fbAQLP

exports[`App Test Suite should render correctly with no props 1`] = `<div />`;
