// Jest Snapshot v1, https://goo.gl/fbAQLP

exports[`Description Test Suite should render correctly with props 1`] = `
<Description
  data={
    Array [
      Object {
        "Description": "Sumptuous estate with views of Hollywood",
        "Location": "Hollywood, California, United States",
        "Rating": 4.74,
        "Superhost": 1,
        "TotalReviews": 14,
        "id": 65,
      },
    ]
  }
>
  <styled.div>
    <div
      className="sc-AxjAm jGqiXW"
    >
      <styled.div>
        <div
          className="sc-AxirZ hdtZFD"
        >
          <styled.h1>
            <h1
              className="sc-AxhCb iHfCoW"
            >
              Sumptuous estate with views of Hollywood
            </h1>
          </styled.h1>
          <styled.div>
            <div
              className="sc-AxiKw hsVmMj"
            >
              <styled.span>
                <span
                  className="sc-AxgMl ccJqUs"
                >
                  <span>
                    â˜…
                  </span>
                  <span>
                    4.74
                  </span>
                  <span>
                    (14)
                  </span>
                </span>
              </styled.span>
              <styled.span>
                <span
                  className="sc-Axmtr hgBReG"
                >
                  Superhost
                </span>
              </styled.span>
              <styled.span>
                <span
                  className="sc-AxheI bRpUtj"
                >
                  Hollywood, California, United States
                </span>
              </styled.span>
            </div>
          </styled.div>
        </div>
      </styled.div>
    </div>
  </styled.div>
</Description>
`;
