// Jest Snapshot v1, https://goo.gl/fbAQLP

exports[`LandingPage Test Suite should render correctly with props 1`] = `
<LandingPage
  data={
    Array [
      Object {
        "Description": "Sumptuous estate with views of Hollywood",
        "Location": "Hollywood, California, United States",
        "Rating": 4.74,
        "Superhost": 1,
        "TotalReviews": 14,
        "id": 65,
      },
    ]
  }
  photos={
    Array [
      Object {
        "PhotoURL": "https://fec-airbnb-plus-photos.s3-us-west-1.amazonaws.com/4bb58786-cf86-48ac-9203-cde18dd33b7e.jpg",
        "PropertyID": 65,
        "RoomID": 449,
        "ShowOrder": 1,
        "id": 1345,
      },
      Object {
        "PhotoURL": "https://fec-airbnb-plus-photos.s3-us-west-1.amazonaws.com/50ff73e3-9d7a-44f0-8014-c3eaf95e6029.jpg",
        "PropertyID": 65,
        "RoomID": 449,
        "ShowOrder": 2,
        "id": 1346,
      },
      Object {
        "PhotoURL": "https://fec-airbnb-plus-photos.s3-us-west-1.amazonaws.com/5e01ea9c-778d-4e44-823f-b0d55b9719ab.jpg",
        "PropertyID": 65,
        "RoomID": 449,
        "ShowOrder": 3,
        "id": 1347,
      },
    ]
  }
>
  <div>
    <Description
      data={
        Array [
          Object {
            "Description": "Sumptuous estate with views of Hollywood",
            "Location": "Hollywood, California, United States",
            "Rating": 4.74,
            "Superhost": 1,
            "TotalReviews": 14,
            "id": 65,
          },
        ]
      }
    >
      <styled.div>
        <div
          className="sc-AxjAm jGqiXW"
        >
          <styled.div>
            <div
              className="sc-AxirZ hdtZFD"
            >
              <styled.h1>
                <h1
                  className="sc-AxhCb iHfCoW"
                >
                  Sumptuous estate with views of Hollywood
                </h1>
              </styled.h1>
              <styled.div>
                <div
                  className="sc-AxiKw hsVmMj"
                >
                  <styled.span>
                    <span
                      className="sc-AxgMl ccJqUs"
                    >
                      <span>
                        â˜…
                      </span>
                      <span>
                        4.74
                      </span>
                      <span>
                        (14)
                      </span>
                    </span>
                  </styled.span>
                  <styled.span>
                    <span
                      className="sc-Axmtr hgBReG"
                    >
                      Superhost
                    </span>
                  </styled.span>
                  <styled.span>
                    <span
                      className="sc-AxheI bRpUtj"
                    >
                      Hollywood, California, United States
                    </span>
                  </styled.span>
                </div>
              </styled.div>
            </div>
          </styled.div>
        </div>
      </styled.div>
    </Description>
    <MainPhotos
      photos={
        Array [
          Object {
            "PhotoURL": "https://fec-airbnb-plus-photos.s3-us-west-1.amazonaws.com/4bb58786-cf86-48ac-9203-cde18dd33b7e.jpg",
            "PropertyID": 65,
            "RoomID": 449,
            "ShowOrder": 1,
            "id": 1345,
          },
          Object {
            "PhotoURL": "https://fec-airbnb-plus-photos.s3-us-west-1.amazonaws.com/50ff73e3-9d7a-44f0-8014-c3eaf95e6029.jpg",
            "PropertyID": 65,
            "RoomID": 449,
            "ShowOrder": 2,
            "id": 1346,
          },
          Object {
            "PhotoURL": "https://fec-airbnb-plus-photos.s3-us-west-1.amazonaws.com/5e01ea9c-778d-4e44-823f-b0d55b9719ab.jpg",
            "PropertyID": 65,
            "RoomID": 449,
            "ShowOrder": 3,
            "id": 1347,
          },
        ]
      }
    >
      <styled.div>
        <div
          className="sc-AxmLO cFFrtF"
        >
          <styled.div>
            <div
              className="sc-fzozJi hbgEQd"
            >
              <img
                src="https://fec-airbnb-plus-photos.s3-us-west-1.amazonaws.com/4bb58786-cf86-48ac-9203-cde18dd33b7e.jpg"
              />
              <img
                src="https://fec-airbnb-plus-photos.s3-us-west-1.amazonaws.com/50ff73e3-9d7a-44f0-8014-c3eaf95e6029.jpg"
              />
              <img
                src="https://fec-airbnb-plus-photos.s3-us-west-1.amazonaws.com/5e01ea9c-778d-4e44-823f-b0d55b9719ab.jpg"
              />
            </div>
          </styled.div>
        </div>
      </styled.div>
    </MainPhotos>
  </div>
</LandingPage>
`;
